../Core/Src/main.c:126:1:__io_putchar	16	static
../Core/Src/main.c:138:5:main	8	static
../Core/Src/main.c:213:6:SystemClock_Config	128	static
../Core/Src/main.c:271:6:PeriphCommonClock_Config	208	static
../Core/Src/main.c:310:13:SystemPower_Config	8	static
../Core/Src/main.c:327:13:MX_ADC1_Init	8	static
../Core/Src/main.c:371:13:MX_ADF1_Init	8	static
../Core/Src/main.c:434:13:MX_MDF1_Init	8	static
../Core/Src/main.c:488:13:MX_DAC1_Init	64	static
../Core/Src/main.c:543:13:MX_GPDMA1_Init	16	static
../Core/Src/main.c:581:13:MX_I2C1_Init	8	static
../Core/Src/main.c:629:13:MX_I2C2_Init	8	static
../Core/Src/main.c:677:13:MX_I2C3_Init	8	static
../Core/Src/main.c:725:13:MX_ICACHE_Init	8	static
../Core/Src/main.c:757:13:MX_RTC_Init	40	static
../Core/Src/main.c:805:13:MX_SAI1_Init	8	static
../Core/Src/main.c:888:13:MX_SDMMC1_SD_Init	8	static
../Core/Src/main.c:919:13:MX_SPI1_Init	24	static
../Core/Src/main.c:976:13:MX_SPI2_Init	24	static
../Core/Src/main.c:1033:13:MX_SPI3_Init	24	static
../Core/Src/main.c:1090:13:MX_TAMP_RTC_Init	72	static
../Core/Src/main.c:1139:13:MX_TIM3_Init	40	static
../Core/Src/main.c:1187:13:MX_USART2_UART_Init	8	static
../Core/Src/main.c:1235:13:MX_USART3_UART_Init	8	static
../Core/Src/main.c:1283:13:MX_USB_OTG_FS_PCD_Init	8	static
../Core/Src/main.c:1317:13:MX_GPIO_Init	64	static
../Core/Src/main.c:1517:6:Error_Handler	4	static,ignoring_inline_asm
